Journal d'exécution de la chaîne quotidienne MobiCity
Généré en rejouant le scénario complet sur les dépôts des 14 et 15/09.

=== Construction de l'historique (build.py) ===
>> 1/3  Bronze + Silver + Parquet + rapports de qualité
Référentiels (+ pseudonymisation RGPD)…
Bronze — ingestion fidèle + lignage…
Silver — normalisation + dédup + intégrité + qualité + RGPD…
Parquet — matérialisation partitionnée de la couche Silver…
Termine. Entrepot        : data/warehouse.duckdb
Rapport qualite          : data/rapports/rapport_qualite.csv
Quarantaine (motifs)     : data/quarantaine/quarantaine.csv
Parquet Silver partitionne: data/lake/

>> 2/3  Tables d'indicateurs (Gold)

>> 3/3  Dossier technique

Termine. Interface :  streamlit run app/streamlit_app.py
code de sortie = 0

=== 1) Traitement du 14/09 ===
[  ok ] ingestion        9.54s  lues=1399   rejetees=0     publiees=0    dépôt ingéré (bronze reconstruit)
[  ok ] transformation   7.51s  lues=0      rejetees=4902  publiees=0    silver construit (normalisé, dédupliqué, contrôlé)
[  ok ] indicateurs      0.16s  lues=0      rejetees=0     publiees=0    indicateurs (Gold) reconstruits
[  ok ] controle         0.02s  lues=0      rejetees=0     publiees=0    contrôles passés (doublons dépôt 1.2%)
[  ok ] publication      0.01s  lues=0      rejetees=0     publiees=85   bulletin publié : bulletin_2026-09-14.html
→ Journée 2026-09-14 : chaîne terminée avec succès.
code de sortie = 0

=== 2) 14/09 une seconde fois (idempotence) ===
[ skip] ingestion        0.00s  lues=0      rejetees=0     publiees=0    déjà traité, rien à refaire
[ skip] transformation   0.00s  lues=0      rejetees=0     publiees=0    déjà traité, rien à refaire
[ skip] indicateurs      0.00s  lues=0      rejetees=0     publiees=0    déjà traité, rien à refaire
[ skip] controle         0.00s  lues=0      rejetees=0     publiees=0    déjà traité, rien à refaire
[ skip] publication      0.00s  lues=0      rejetees=0     publiees=0    déjà traité, rien à refaire
→ Journée 2026-09-14 déjà publiée : aucune duplication, aucun retraitement.
code de sortie = 0

=== 3) Reprise sur erreur transitoire (--force, erreur simulee) ===
       tentative 1 échouée (erreur transitoire simulée); nouvelle tentative…
[  ok ] ingestion        9.69s  lues=1399   rejetees=0     publiees=0    dépôt ingéré (bronze reconstruit)
[  ok ] transformation   7.15s  lues=0      rejetees=4902  publiees=0    silver construit (normalisé, dédupliqué, contrôlé)
[  ok ] indicateurs      0.21s  lues=0      rejetees=0     publiees=0    indicateurs (Gold) reconstruits
[  ok ] controle         0.01s  lues=0      rejetees=0     publiees=0    contrôles passés (doublons dépôt 1.2%)
[  ok ] publication      0.01s  lues=0      rejetees=0     publiees=85   bulletin publié : bulletin_2026-09-14.html
→ Journée 2026-09-14 : chaîne terminée avec succès.
code de sortie = 0

=== 4) 15/09 : depot re-emis -> porte qualite bloque ===
[  ok ] ingestion        9.51s  lues=3500   rejetees=0     publiees=0    dépôt ingéré (bronze reconstruit)
[  ok ] transformation   7.67s  lues=0      rejetees=4985  publiees=0    silver construit (normalisé, dédupliqué, contrôlé)
[  ok ] indicateurs      0.14s  lues=0      rejetees=0     publiees=0    indicateurs (Gold) reconstruits
[BLOQ] controle         0.00s  lues=0      rejetees=0     publiees=0    taux de doublons du dépôt recherches = 50.7% (seuil 30%) : dépôt vraisemblablement ré-émis en double → publication bloquée. À prévenir : l'exploitation (Karim). Reprise : relancer avec --accepter-doublons une fois la ré-émission confirmée.
→ Journée 2026-09-15 : publication BLOQUÉE par la porte qualité.
code de sortie = 2

=== 5) 15/09 : reprise apres confirmation (--accepter-doublons) ===
[  ok ] ingestion        9.49s  lues=3500   rejetees=0     publiees=0    dépôt ingéré (bronze reconstruit)
[  ok ] transformation   6.85s  lues=0      rejetees=4985  publiees=0    silver construit (normalisé, dédupliqué, contrôlé)
[  ok ] indicateurs      0.15s  lues=0      rejetees=0     publiees=0    indicateurs (Gold) reconstruits
[  ok ] controle         0.02s  lues=0      rejetees=0     publiees=0    contrôles passés (doublons dépôt 50.7%)
[  ok ] publication      0.01s  lues=0      rejetees=0     publiees=34   bulletin publié : bulletin_2026-09-15.html
→ Journée 2026-09-15 : chaîne terminée avec succès.
code de sortie = 0
